# F3 real two-machine deployment verification

generated_at=2026-08-26T19:26:13.1358084+08:00
tag=v0.2.0
verdict=REJECT

This log records real commands run against the actual Windows target (192.168.0.200) and the actual Linux target (192.168.0.210). No simulated machine, fake updater operation, unit-test result, fabricated screenshot, or fabricated UAC action is represented as physical evidence.

## 1. Required documents read before machine access

- `docs/release-process.md` §1: push `origin/main`, create/push a version tag, wait for the release workflow, verify six release artifacts, deploy to both real machines, and complete endpoint/audio verification.
- `docs/deployment.md` §8: Linux service/firewall/journal checks; Windows task/firewall/endpoint checks; manual audio-flow observation with Start/Heartbeat Ack evidence.
- `.omo/plans/v0-2-0-update-mechanism.md` F3 (line 139): required old-to-new updater run, interrupted-download rollback, UAC accept/decline behavior, and §8 audio verification.
- `.omo/notepads/v0-2-0-update-mechanism/{learnings,decisions,problems,issues}.md`: prior context, including the pre-existing failed Linux service and the requirement not to repair it during this QA.

## 2. Repository and release publication

The pre-tag repository inspection showed `main...origin/main [ahead 17]`. The only pending changes were the intended F1/F2 corrections and `.omo` bookkeeping/evidence/continuation state plus the explicitly untracked `v0.2.0 new function.md` scratch note. The scratch note was never staged. The two intended correction commits were:

```text
3ca658d fix(client): harden updater validation and swap paths
dee792f docs(deploy): correct final update verification instructions
```

The existing tag convention was `v0.1.20`, and both local and remote tag listings showed no `v0.2.0` before creation. No existing tag was deleted or retagged.

Commands and results:

```text
$env:GIT_MASTER='1'; git push origin main
To https://github.com/danielrepublic/wifimic.git
   4b3028a..dee792f  main -> main

$env:GIT_MASTER='1'; git tag v0.2.0
$env:GIT_MASTER='1'; git push origin v0.2.0
To https://github.com/danielrepublic/wifimic.git
 * [new tag]         v0.2.0 -> v0.2.0
```

Release workflow:

```text
gh run list --workflow=release.yml --limit 5
run=32961965718, event=push, headBranch=v0.2.0,
headSha=dee792fe2108177b0f463646beca560cde1b3920, status=queued

gh run watch 32961965718 --exit-status
package-windows: success (2m23s)
package-linux: success (47s)
publish: success (11s)
overall: success
```

The only workflow annotation was the GitHub Node.js 20 deprecation warning; all release jobs passed.

`gh release view v0.2.0 --json ...` returned the non-draft, non-prerelease release URL:

```text
https://github.com/danielrepublic/wifimic/releases/tag/v0.2.0
publishedAt=2026-08-26T11:13:00Z
targetCommitish=main
asset_count=6
install-wifimic-linux.sh                         sha256:ea35e5c468c39aedba1c4377e6279f1498ca88bb422ede9262db3070dbfe5dc9
install-wifimic-windows.ps1                      sha256:d1446cc2b4dac5e0ba50715655387851ee15848d6d703211ca552927ecd76c2c
wifimic-linux-x86_64.tar.gz                      sha256:6b3f418495567bccd039a16d6e5227f357ceadf676665d11b42f75738300a2d9
wifimic-linux-x86_64.tar.gz.sha256                sha256:d1b89ef393254d5271db4d29cf9c8fcf27703cc1dfa630de102027308374b6d4
wifimic-windows-x86_64.zip                       sha256:5e70970f28f2407cbd9ba03412fe620417c826cbb18246bcca98f43ec91ce2d0
wifimic-windows-x86_64.zip.sha256                 sha256:57fdf38db7983c955c3147bb4563876fa04238b73c044b17ca842e6c7faede00
```

The actual Windows ZIP and checksum manifest were downloaded with `gh release download` to `C:\Users\Daniel\AppData\Local\Temp\opencode\f3-v0.2.0-release`.

```text
Get-FileHash -Algorithm SHA256 wifimic-windows-x86_64.zip
5E70970F28F2407CBD9BA03412FE620417C826CBB18246BCCA98F43EC91CE2D0

manifest:
5e70970f28f2407cbd9ba03412fe620417c826cbb18246bcca98f43ec91ce2d0  wifimic-windows-x86_64.zip
ManifestMatchesDownloaded=True

ZIP entries (exactly four):
install-wifimic-client.ps1       47150 bytes
test.md                              11 bytes
wifimic_client_updater.exe      3184640 bytes
wifimic_client.exe               710656 bytes
RequiredEntriesPresent=True
EntryCount=4
```

The release package and its published checksum therefore passed the artifact-level check, including the required updater sibling.

## 3. Linux physical target: 192.168.0.210

SSH command used (batch mode):

```text
ssh -o BatchMode=yes -o ConnectTimeout=10 192.168.0.210 'bash -s'
```

Physical identity and pre/post state:

```text
/etc/hostname: arch-daniel
IPv4 includes: wlan0=192.168.0.210/24
installed binary: /home/daniel/.local/bin/wifimic_server
version: v0.1.0-dev
systemctl --user is-active wifimic-server: failed (exit 3)
systemctl --user is-enabled wifimic-server: enabled (exit 0)
UDP 6902 listener: none (exit 1)
fixed PipeWire source: present, state SUSPENDED (pactl exit 0)
UFW: active; 6902/udp ALLOW IN 192.168.0.200 and 6902/udp DENY IN Anywhere present
```

The service failure was pre-existing and was not repaired or restarted. The installed binary and firewall were not changed by this QA.

Renamed-command invocation:

```text
/home/daniel/.local/bin/wifimic_server update
unrecognized argument "update"
update_exit=1
```

This is a direct failure of the required Linux acceptance criterion: the actual installed binary is still `v0.1.0-dev` and does not accept the renamed command. For comparison, the old command was also not a valid success path on that binary:

```text
/home/daniel/.local/bin/wifimic_server check-update
更新檢查失敗：cannot determine a stable version comparison for "v0.1.0-dev"; use --tag explicitly
legacy_exit=1
```

After the invocations:

```text
service_active_post=failed
service_enabled_post=enabled
installed version post=v0.1.0-dev
```

No Linux service state needed restoration because no Linux service mutation was performed.

## 4. Windows physical target: 192.168.0.200

Physical identity and initial snapshot:

```text
hostname=DANIEL-GIGABYTE
user=daniel-gigabyte\daniel
local Wi-Fi IPv4=192.168.0.200/24
is_admin=True
client=C:\Program Files\wifimic-client\wifimic_client.exe
client_exists=True
client_hash_before_bootstrap=37828FABB44D83EF4F23832B476B7B8178CAE9961EBD8166449919D812E4B47F
updater_exists_before_bootstrap=False
task=\wifimic\wifimic-client
task_state=Ready
task_enabled=True
client_process_pid=46504 (Responding=True)
render_endpoint_count=1
render_endpoint=CABLE Input (VB-Audio Virtual Cable), Status=OK
firewall=wifimic-client Enabled=True Direction=Inbound Action=Allow Protocol=UDP LocalPort=6902 RemoteAddress=192.168.0.210
ping 192.168.0.210: exit 0, 0% loss
```

The updater was absent, so the documented one-time bootstrap was attempted from the verified v0.2.0 release ZIP. The first real install attempt exited 1 because the running client executable was locked; the installer transaction preserved the prior client hash, task, and absence of updater. The process was then stopped in a controlled, recorded action (`schtasks /End`, followed by `Stop-Process -Force`) and the same real bootstrap installer was rerun.

Successful bootstrap:

```text
install mode=Native
ClientExecutable=...\f3-v0.2.0-release\bootstrap-stage\wifimic_client.exe
UpdaterExecutable sibling present=True
installer JSON Status=Installed
bootstrap_install_exit=0
client_hash_after_bootstrap=911229FD0DB670BF4188BA4F0448D30C50771380004A892D0C6804F2D8CE9698
updater_hash_after_bootstrap=5B87E3285D192FCC4434717E33E6A4ACCDDCB62DCB7F33D19BD20376A36AB4DE
FileVersion/ProductVersion metadata for both installed PE files was empty; release identity is established by the v0.2.0 tag and the verified release ZIP.
task_state=Ready
task_enabled=True
client_process_count=0
render_endpoint_count=1
```

### 4.1 Real old-to-new updater attempt

The v0.1.20 Windows release ZIP was also downloaded and checksum-verified as a real old-release fixture:

```text
v0.1.20 ZIP SHA256=0D8E1F215AE4A02CDD604BB35A71751150B740AD52D8B028EEA065FC06DF51B0
manifest_matches=True
old release ZIP entries=test.md, wifimic_client_installer.exe, wifimic_client.exe
old release client hash=C31D6B7E4DD38F8FE7EDBBEE707A7636A6740AA5F3893175191DAB34FC0C98F0
```

Important limitation discovered on the physical target: v0.1.20 predates the updater and contains no `wifimic_client_updater.exe`. The released v0.2.0 updater embeds `WIFIMIC_CLIENT_VERSION=v0.2.0`, so after the required v0.2.0 bootstrap it reports NoOp even if the client bytes are manually replaced by v0.1.20. To reach the update path without inventing a release asset, a temporary updater fixture was built from the tagged v0.2.0 source with only the compile-time version environment set to `v0.1.20`:

```text
source=tagged v0.2.0 source
fixture embedded WIFIMIC_CLIENT_VERSION=v0.1.20
fixture updater hash=7182165144247BAD2103C6A08802721C737707C08234020987E94856D7AE1F3F
```

This fixture was copied temporarily to the installed updater path; it is explicitly not claimed to be the published v0.2.0 updater artifact.

The old client bytes and fixture updater were installed at the canonical paths after the task was Ready and no client process was running. The real updater was then invoked with empty stdin so its real console wait could complete:

```text
installed updater path=C:\Program Files\wifimic-client\wifimic_client_updater.exe
invocation=empty-stdin | installed updater path
檢查中...
更新失敗：更新失敗且無法確認還原狀態
請按 Enter 鍵結束...
updater_exit=1
```

Post-failure state showed the real rollback defect:

```text
client_hash=C31D6B7E4DD38F8FE7EDBBEE707A7636A6740AA5F3893175191DAB34FC0C98F0 (old bytes retained)
task_state=Disabled
task_enabled=False
client_process_count=0
render_endpoint_count=1
```

The updater returned `RollbackVerificationFailed`, and the scheduled task was left disabled. This fails the required old-to-new/rollback criterion. A safety restore was immediately performed:

```text
copied the verified v0.2.0 client and published updater back to the install root
schtasks /Change /TN "\wifimic\wifimic-client" /ENABLE: exit 0
restored client_hash=911229FD0DB670BF4188BA4F0448D30C50771380004A892D0C6804F2D8CE9698
restored updater_hash=5B87E3285D192FCC4434717E33E6A4ACCDDCB62DCB7F33D19BD20376A36AB4DE
restored task_state=Ready
restored task_enabled=True
restored client_process_count=0
```

The task XML after the safety restore again contained the original command path `C:\Program Files\wifimic-client\wifimic_client.exe` and `WorkingDirectory` `C:\Program Files\wifimic-client`.

The published updater was then run from the installed path with empty stdin:

```text
updater_hash=5B87E3285D192FCC4434717E33E6A4ACCDDCB62DCB7F33D19BD20376A36AB4DE
檢查中...
已是最新版本
請按 Enter 鍵結束...
no_op_exit=0
```

### 4.2 Second real run: controlled reversible network failure

Before this scenario, the known-good post-restore state was recorded:

```text
client_hash=911229FD0DB670BF4188BA4F0448D30C50771380004A892D0C6804F2D8CE9698
updater_hash=5B87E3285D192FCC4434717E33E6A4ACCDDCB62DCB7F33D19BD20376A36AB4DE
task_state=Ready
task_enabled=True
endpoint_count=1
temporary_rule_preexists=False
```

For the second real invocation, the v0.1.20 client and the tagged-source `v0.1.20` fixture updater were installed temporarily. A unique outbound Windows Firewall rule blocked TCP/443 only for the updater executable:

```text
New-NetFirewallRule -DisplayName 'F3 temporary updater network interruption' -Direction Outbound -Action Block -Program <installed updater> -Protocol TCP -RemotePort 443
temporary_rule_added=True
```

The rule was removed in a `finally` cleanup block regardless of updater result. The real updater run produced:

```text
檢查中...
更新失敗：GitHub release request failed: io: 嘗試存取通訊端被拒絕，因為存取權限不足。 (os error 10013)
請按 Enter 鍵結束...
network_failure_updater_exit=1
temporary_rule_after_remove=0
```

This was a controlled pre-download/release-resolution network failure, not a fabricated mid-download event. Because the updater downloads before task/executable mutation, the result proves the no-mutation preflight failure path, not automatic post-mutation rollback. After cleanup/restoration:

```text
client_hash=911229FD0DB670BF4188BA4F0448D30C50771380004A892D0C6804F2D8CE9698
updater_hash=5B87E3285D192FCC4434717E33E6A4ACCDDCB62DCB7F33D19BD20376A36AB4DE
task_state=Ready
task_enabled=True
client_process_count=0
endpoint_count=1
```

No firewall rule remained. This scenario does not satisfy the requested automatic-rollback proof.

## 5. UAC prompt and decline

The current Windows UAC policy was queried:

```text
EnableLUA=1
ConsentPromptBehaviorAdmin=5
PromptOnSecureDesktop=1
```

An actual default shell open of the installed published updater was attempted with no arguments:

```text
Start-Process -FilePath 'C:\Program Files\wifimic-client\wifimic_client_updater.exe' -PassThru
start_process_returned_pid=46096
after 5 seconds: consent_pids_after=, updater_pids_after=46096
new_consent_detected=False
```

The agent environment had no interactive secure-desktop control. No visible UAC prompt could be observed, no real secure-desktop Decline click could be made, and no screenshot exists. The spawned updater process was stopped without allowing it to mutate state; client hash, task Ready/enabled state, and endpoint count remained unchanged. The UAC acceptance/decline requirement is therefore `UNVERIFIED`, not PASS.

`UAC_RESULT=UNVERIFIED_NO_SECURE_DESKTOP_OBSERVATION_OR_INTERACTIVE_DECLINE`.

## 6. §8 end-to-end audio/control verification

Windows endpoint/task checks were run against the physical setup. The task was manually triggered:

```text
pre_task_state=Ready
pre_task_enabled=True
pre_client_process_count=0
schtasks /Run /TN "\wifimic\wifimic-client": run_task_exit=0
client_process_path=C:\Program Files\wifimic-client\wifimic_client.exe
during_client_process_count=1
render_endpoint_count=1
```

The real Windows peer control smoke executable was run against the physical Linux address:

```text
C:\Users\Daniel\Documents\opencode\wifimic\target\release\wifimic_control_smoke.exe 192.168.0.210 6902
Error: control_smoke_exit=1
Transport(... code: 10060, kind: TimedOut ...)
```

The task and client process were then stopped, restoring the pre-trigger state:

```text
schtasks /End /TN "\wifimic\wifimic-client": end_task_exit=0
post_task_state=Ready
post_task_enabled=True
post_client_hash=911229FD0DB670BF4188BA4F0448D30C50771380004A892D0C6804F2D8CE9698
post_client_process_count=0
post_endpoint_count=1
```

The Linux journal checked after the attempt returned `-- No entries --` for the last ten minutes because the pre-existing service was failed; there was no Start/Heartbeat Ack exchange and no `parec`/UDP stream evidence. The physical VB-CABLE output was not audibly monitored or recorded in this agent environment:

```text
AUDIO_OUTPUT_OBSERVATION=UNVERIFIED_NO_PHYSICAL_MONITOR_OR_RECORDING_DEVICE_AVAILABLE_TO_AGENT
```

## 7. Final restoration state

Windows was left with the verified v0.2.0 client/updater bytes, task enabled and Ready, no client process, endpoint enumerable, and no temporary firewall rule. Linux was left unchanged from its pre-existing state: `/home/daniel/.local/bin/wifimic_server` at `v0.1.0-dev`, user service `failed` but `enabled`, fixed PipeWire source present/SUSPENDED, and the existing UFW 6902 rules intact.

## 8. Verdict

`VERDICT: REJECT`

Reasons:

1. The installed real Linux binary rejected the required renamed `wifimic_server update` command (`unrecognized argument`, exit 1).
2. The real old-to-new updater-path exercise, using a transparent tagged-source version fixture because no pre-v0.2.0 updater exists, returned `RollbackVerificationFailed` and left the Scheduled Task disabled until manual safety restoration.
3. The second controlled network-failure run proved only the pre-mutation failure/no-mutation path; it did not prove automatic rollback after an interrupted download.
4. A secure-desktop UAC prompt could not be observed or declined interactively; the requirement is explicitly UNVERIFIED.
5. The §8 control smoke timed out because the pre-existing Linux service was failed, and physical audio output was not observable/recordable here.

No approval is claimed. Issue #1 was not closed, and no issue was closed by this F3 run.

## 9. Corrected-source follow-up (not a release publication)

After the source fixes in `apps/wifimic_client/src/updater_native.rs`, an
instrumented temporary updater fixture was rebuilt with
`WIFIMIC_CLIENT_VERSION=v0.1.20` and uploaded to the same physical Windows
installation. This was an agent-executed old-to-latest update-path check, not
a claim about the immutable v0.2.0 release artifact.

```text
fixture_updater_hash=C176B3F5D5725A9BFDD3770A0C9E729D4CFFA7AAB79E5589A092B24991A02DEE
pre_client_hash=C31D6B7E4DD38F8FE7EDBBEE707A7636A6740AA5F3893175191DAB34FC0C98F0
cmd_exit=0
stdout=... v0.2.0 ...
restore_task=/Create exit code: 0
restore_task_state=/ENABLE exit code: 0
post_client_hash=911229FD0DB670BF4188BA4F0448D30C50771380004A892D0C6804F2D8CE9698
post_updater_hash=C176B3F5D5725A9BFDD3770A0C9E729D4CFFA7AAB79E5589A092B24991A02DEE
post_task_state=Ready
post_task_enabled=True
post_client_process_count=0
final_client_hash=911229FD0DB670BF4188BA4F0448D30C50771380004A892D0C6804F2D8CE9698
final_updater_hash=5B87E3285D192FCC4434717E33E6A4ACCDDCB62DCB7F33D19BD20376A36AB4DE
final_task_state=Ready
final_task_enabled=True
```

Interpretation: the corrected UTF-16LE/closed-handle restore and
locale-independent task-state query now complete the physical old-to-new
path successfully. The harness restored the verified v0.2.0 files and task
state afterward. This follow-up does not clear the release/publication,
interrupted-download, UAC, Linux deployment, or audio-verification gaps
listed in the rejection above.

## 10. Local v0.2.1 packaging preparation

The corrected source was built locally with `WIFIMIC_CLIENT_VERSION=v0.2.1`:

```text
cargo build --workspace --locked                         PASS
cargo build --release --locked -p wifimic_client          PASS
cargo build --release --locked -p wifimic_client --bin wifimic_client_updater PASS
archive=dist/wifimic-windows-v0.2.1.zip
archive_sha256=6f2c1a6ddc8b7952029f9c23745c77102cdee7a44a161c0af8082599ad7964ee
entries=install-wifimic-client.ps1,test.md,wifimic_client.exe,wifimic_client_updater.exe
manifest_matches=True
```

No commit, push, tag, GitHub Release, or physical v0.2.1 deployment was
performed in this follow-up.

## 11. Diagnosis conclusion

The runtime investigation considered these independent hypotheses:

1. **H1 — XML encoding mismatch.** The captured task XML declares
   `encoding="UTF-16"`, while the original implementation wrote UTF-8 bytes.
   The original `/Create` invocation returned `exit code: 1`. This is
   confirmed by the exact declaration/bytes mismatch and by the corrected
   UTF-16LE+BOM run succeeding.
2. **H2 — temporary XML file remained open during `/Create`.** The same
   UTF-16LE bytes failed when the file was held open with `FileShare.None` and
   succeeded after the handle scope ended. This is confirmed by the toggle
   matrix and the corrected physical run's `restore_task ... exit code: 0`.
3. **H3 — localized `schtasks /FO LIST /V` parsing misreported state.** The
   physical Traditional-Chinese output used localized labels/values, and the
   old parser consequently treated the restored task as disabled/not-ready.
   Replacing that state query with typed `Get-ScheduledTask` output produced
   `state=Ready`, `enabled=True` and allowed the same physical update to
   complete. This is confirmed by the successful toggle run.
4. **H4 — wrong/stale executable or task path.** This is refuted: the exact
   XML command path was `C:\Program Files\wifimic-client\wifimic_client.exe`,
   installed hashes were recorded, and the corrected fixture succeeded on the
   same target.

The previously observed `RollbackVerificationFailed` was therefore a real
source defect, not an unexplained environment failure. The narrow source fix
and failing-first regression tests are recorded in the debug journal and the
current `updater_native.rs` diff. The corrected physical rerun produced
`cmd_exit=0`, updated from the old client hash to the v0.2.0 client hash, and
left the task `Ready`/enabled with no client process.

The final safety observation after that rerun returned:

```text
state=Ready
enabled=True
client_processes=0
updater_processes=0
```

The remote temporary fixture directory and debug XML were still present at
that observation and must be deleted during cleanup; the installed paths were
already restored to the verified v0.2.0 hashes.

## 12. Final blocker status

F3 remains rejected. The corrected source has not been committed/pushed or
published as v0.2.1; Linux still needs deployment of the renamed command;
post-mutation interrupted-download rollback, secure-desktop UAC decline, and
physical §8 audio evidence remain unavailable. No approval is claimed.

## 13. Cleanup verification

The remote fixture and debug XML were removed after the restored-state check.
The local v0.2.1 packaging directory, archive, and checksum manifest were also
removed. Final remote verification returned:

```text
fixture_dir_exists=False
debug_xml_exists=False
client_processes=0
updater_processes=0
temporary_rule_count=0
task_state=Ready
task_enabled=True
client_hash=911229FD0DB670BF4188BA4F0448D30C50771380004A892D0C6804F2D8CE9698
updater_hash=5B87E3285D192FCC4434717E33E6A4ACCDDCB62DCB7F33D19BD20376A36AB4DE
```

The Windows machine is left in its known-good v0.2.0 state with no running
updater/client, no temporary firewall rule, and no temporary fixture.

VERDICT: REJECT
