# Task 3 protocol verification evidence
# Timestamp: 2026-08-22T07:35:44.8208649Z
# CodeGraph limitation: no relevant indexed workspace/reference symbols were returned; the
# micdriver protocol files and Rust references were inspected directly.

## cargo test -p wifimic_protocol

    Compiling wifimic_protocol v0.1.0 (C:\Users\Daniel\Documents\opencode\wifimic\crates\wifimic_protocol)
    Finished `test` profile [unoptimized + debuginfo] target(s) in 0.58s
     Running unittests src\lib.rs (target\debug\deps\wifimic_protocol-57f77f39bde4d3f1.exe)

running 0 tests

test result: ok. 0 passed; 0 failed; 0 ignored; 0 measured; 0 filtered out; finished in 0.00s

     Running tests\wire_contract.rs (target\debug\deps\wire_contract-9200e1b4ecf87811.exe)

running 11 tests
test audio_round_trip_uses_documented_big_endian_header ... ok
test session_ordering_rejects_replayed_or_stale_session_id ... ok
test session_id_generator_is_strictly_increasing_across_clock_edges ... ok
test audio_decode_rejects_invalid_version_tag_and_length ... ok
test control_messages_round_trip_for_each_kind ... ok
test ack_control_layout_appends_the_acknowledged_control_tag ... ok
test start_control_layout_is_tag_version_then_big_endian_session ... ok
test wrapping_sequence_classification_is_reusable ... ok
test decode_rejects_truncated_payload ... ok
test pcm_payload_bytes_matches_frame_duration_and_sample_format ... ok
test control_decode_rejects_truncated_invalid_tag_and_invalid_length ... ok

test result: ok. 11 passed; 0 failed; 0 ignored; 0 measured; 0 filtered out; finished in 0.00s


running 0 tests

test result: ok. 0 passed; 0 failed; 0 ignored; 0 measured; 0 filtered out; finished in 0.00s

## cargo doc -p wifimic_protocol --no-deps

 Documenting wifimic_protocol v0.1.0 (C:\Users\Daniel\Documents\opencode\wifimic\crates\wifimic_protocol)
    Finished `dev` profile [unoptimized + debuginfo] target(s) in 0.57s
   Generated C:\Users\Daniel\Documents\opencode\wifimic\target\doc\wifimic_protocol\index.html

## cargo clippy -p wifimic_protocol -- -D warnings

    Finished `dev` profile [unoptimized + debuginfo] target(s) in 0.07s

## cargo build --workspace

    Finished `dev` profile [unoptimized + debuginfo] target(s) in 0.10s

Result: PASS. The documented derivation is 240 samples/frame × 2 bytes/sample = 480 PCM
payload bytes; no unexplained 484-byte trailer is present. Audio and control codecs, wrapping
sequence classification, strict session ordering, and monotonic session IDs are covered.

## Final required-command verification rerun: 2026-08-22T07:39:00.0022428Z

### cargo test -p wifimic_protocol

    Compiling wifimic_protocol v0.1.0 (C:\Users\Daniel\Documents\opencode\wifimic\crates\wifimic_protocol)
    Finished `test` profile [unoptimized + debuginfo] target(s) in 0.62s

running 0 tests

test result: ok. 0 passed; 0 failed; 0 ignored; 0 measured; 0 filtered out; finished in 0.00s

     Running unittests src\lib.rs (target\debug\deps\wifimic_protocol-57f77f39bde4d3f1.exe)
     Running tests\wire_contract.rs (target\debug\deps\wire_contract-9200e1b4ecf87811.exe)

running 11 tests
test decode_rejects_truncated_payload ... ok
test session_id_generator_is_strictly_increasing_across_clock_edges ... ok
test ack_control_layout_appends_the_acknowledged_control_tag ... ok
test control_decode_rejects_truncated_invalid_tag_and_invalid_length ... ok
test audio_decode_rejects_invalid_version_tag_and_length ... ok
test audio_round_trip_uses_documented_big_endian_header ... ok
test control_messages_round_trip_for_each_kind ... ok
test pcm_payload_bytes_matches_frame_duration_and_sample_format ... ok
test wrapping_sequence_classification_is_reusable ... ok
test session_ordering_rejects_replayed_or_stale_session_id ... ok
test start_control_layout_is_tag_version_then_big_endian_session ... ok

test result: ok. 11 passed; 0 failed; 0 ignored; 0 measured; 0 filtered out; finished in 0.00s

   Doc-tests wifimic_protocol

running 0 tests

test result: ok. 0 passed; 0 failed; 0 ignored; 0 measured; 0 filtered out; finished in 0.00s

### cargo doc -p wifimic_protocol --no-deps

 Documenting wifimic_protocol v0.1.0 (C:\Users\Daniel\Documents\opencode\wifimic\crates\wifimic_protocol)
    Finished `dev` profile [unoptimized + debuginfo] target(s) in 1.11s
   Generated C:\Users\Daniel\Documents\opencode\wifimic\target\doc\wifimic_protocol\index.html

### cargo clippy -p wifimic_protocol -- -D warnings

    Finished `dev` profile [unoptimized + debuginfo] target(s) in 0.06s

### cargo build --workspace

    Finished `dev` profile [unoptimized + debuginfo] target(s) in 0.08s
