    Finished `test` profile [unoptimized + debuginfo] target(s) in 0.20s
     Running unittests src\lib.rs (target\debug\deps\wifimic_client-2698aae1563d64b4.exe)

running 1 test
test updater_tests::swap_failure_rolls_back_and_returns_rolled_back ... ok

test result: ok. 1 passed; 0 failed; 0 ignored; 0 measured; 52 filtered out; finished in 0.00s

     Running unittests src\main.rs (target\debug\deps\wifimic_client-3b6188230179e5b2.exe)

running 0 tests

test result: ok. 0 passed; 0 failed; 0 ignored; 0 measured; 60 filtered out; finished in 0.00s

     Running unittests src\bin\wifimic_client_updater.rs (target\debug\deps\wifimic_client_updater-03634a36ccea2b39.exe)

running 0 tests

test result: ok. 0 passed; 0 failed; 0 ignored; 0 measured; 0 filtered out; finished in 0.00s

     Running unittests src\bin\wifimic_control_smoke.rs (target\debug\deps\wifimic_control_smoke-3acfd6d48db625b0.exe)

running 0 tests

test result: ok. 0 passed; 0 failed; 0 ignored; 0 measured; 6 filtered out; finished in 0.00s

    Finished `test` profile [unoptimized + debuginfo] target(s) in 0.24s
     Running unittests src\lib.rs (target\debug\deps\wifimic_client-2698aae1563d64b4.exe)

running 1 test
test updater_tests::rollback_verification_failure_returns_distinct_outcome ... ok

test result: ok. 1 passed; 0 failed; 0 ignored; 0 measured; 52 filtered out; finished in 0.00s

     Running unittests src\main.rs (target\debug\deps\wifimic_client-3b6188230179e5b2.exe)

running 0 tests

test result: ok. 0 passed; 0 failed; 0 ignored; 0 measured; 60 filtered out; finished in 0.00s

     Running unittests src\bin\wifimic_client_updater.rs (target\debug\deps\wifimic_client_updater-03634a36ccea2b39.exe)

running 0 tests

test result: ok. 0 passed; 0 failed; 0 ignored; 0 measured; 0 filtered out; finished in 0.00s

     Running unittests src\bin\wifimic_control_smoke.rs (target\debug\deps\wifimic_control_smoke-3acfd6d48db625b0.exe)

running 0 tests

test result: ok. 0 passed; 0 failed; 0 ignored; 0 measured; 6 filtered out; finished in 0.00s

    Finished `test` profile [unoptimized + debuginfo] target(s) in 0.19s
     Running unittests src\lib.rs (target\debug\deps\wifimic_client-2698aae1563d64b4.exe)

running 1 test
test updater_tests::rollback_restores_exact_prior_task_snapshot ... ok

test result: ok. 1 passed; 0 failed; 0 ignored; 0 measured; 52 filtered out; finished in 0.00s

     Running unittests src\main.rs (target\debug\deps\wifimic_client-3b6188230179e5b2.exe)

running 0 tests

test result: ok. 0 passed; 0 failed; 0 ignored; 0 measured; 60 filtered out; finished in 0.00s

     Running unittests src\bin\wifimic_client_updater.rs (target\debug\deps\wifimic_client_updater-03634a36ccea2b39.exe)

running 0 tests

test result: ok. 0 passed; 0 failed; 0 ignored; 0 measured; 0 filtered out; finished in 0.00s

     Running unittests src\bin\wifimic_control_smoke.rs (target\debug\deps\wifimic_control_smoke-3acfd6d48db625b0.exe)

running 0 tests

test result: ok. 0 passed; 0 failed; 0 ignored; 0 measured; 6 filtered out; finished in 0.00s

