Task 2 happy-path verification
Timestamp: 2026-08-22T07:19:29.6980498Z
Working directory: C:\Users\Daniel\Documents\opencode\wifimic

Command sequence:
  cargo metadata --no-deps --manifest-path C:\Users\Daniel\Documents\opencode\wifimic\Cargo.toml
  cargo build --workspace --manifest-path C:\Users\Daniel\Documents\opencode\wifimic\Cargo.toml
  cargo clippy --workspace --manifest-path C:\Users\Daniel\Documents\opencode\wifimic\Cargo.toml -- -D warnings
  cargo fmt --all -- --check

Exact command output:
=== cargo metadata --no-deps --manifest-path C:\Users\Daniel\Documents\opencode\wifimic\Cargo.toml ===
warning: please specify `--format-version` flag explicitly to avoid compatibility problems
{"packages":[{"name":"wifimic_protocol","version":"0.1.0","id":"path+file:///C:/Users/Daniel/Documents/opencode/wifimic/crates/wifimic_protocol#0.1.0","license":null,"license_file":null,"description":null,"source":null,"dependencies":[],"targets":[{"kind":["lib"],"crate_types":["lib"],"name":"wifimic_protocol","src_path":"C:\\Users\\Daniel\\Documents\\opencode\\wifimic\\crates\\wifimic_protocol\\src\\lib.rs","edition":"2021","doc":true,"doctest":true,"test":true}],"features":{},"manifest_path":"C:\\Users\\Daniel\\Documents\\opencode\\wifimic\\crates\\wifimic_protocol\\Cargo.toml","metadata":null,"publish":null,"authors":[],"categories":[],"keywords":[],"readme":null,"repository":null,"homepage":null,"documentation":null,"edition":"2021","links":null,"default_run":null,"rust_version":"1.97.1"},{"name":"wifimic_diagnostics","version":"0.1.0","id":"path+file:///C:/Users/Daniel/Documents/opencode/wifimic/crates/wifimic_diagnostics#0.1.0","license":null,"license_file":null,"description":null,"source":null,"dependencies":[],"targets":[{"kind":["lib"],"crate_types":["lib"],"name":"wifimic_diagnostics","src_path":"C:\\Users\\Daniel\\Documents\\opencode\\wifimic\\crates\\wifimic_diagnostics\\src\\lib.rs","edition":"2021","doc":true,"doctest":true,"test":true}],"features":{},"manifest_path":"C:\\Users\\Daniel\\Documents\\opencode\\wifimic\\crates\\wifimic_diagnostics\\Cargo.toml","metadata":null,"publish":null,"authors":[],"categories":[],"keywords":[],"readme":null,"repository":null,"homepage":null,"documentation":null,"edition":"2021","links":null,"default_run":null,"rust_version":"1.97.1"},{"name":"wifimic_server","version":"0.1.0","id":"path+file:///C:/Users/Daniel/Documents/opencode/wifimic/apps/wifimic_server#0.1.0","license":null,"license_file":null,"description":null,"source":null,"dependencies":[],"targets":[{"kind":["bin"],"crate_types":["bin"],"name":"wifimic_server","src_path":"C:\\Users\\Daniel\\Documents\\opencode\\wifimic\\apps\\wifimic_server\\src\\main.rs","edition":"2021","doc":true,"doctest":false,"test":true}],"features":{},"manifest_path":"C:\\Users\\Daniel\\Documents\\opencode\\wifimic\\apps\\wifimic_server\\Cargo.toml","metadata":null,"publish":null,"authors":[],"categories":[],"keywords":[],"readme":null,"repository":null,"homepage":null,"documentation":null,"edition":"2021","links":null,"default_run":null,"rust_version":"1.97.1"},{"name":"wifimic_client","version":"0.1.0","id":"path+file:///C:/Users/Daniel/Documents/opencode/wifimic/apps/wifimic_client#0.1.0","license":null,"license_file":null,"description":null,"source":null,"dependencies":[],"targets":[{"kind":["bin"],"crate_types":["bin"],"name":"wifimic_client","src_path":"C:\\Users\\Daniel\\Documents\\opencode\\wifimic\\apps\\wifimic_client\\src\\main.rs","edition":"2021","doc":true,"doctest":false,"test":true}],"features":{},"manifest_path":"C:\\Users\\Daniel\\Documents\\opencode\\wifimic\\apps\\wifimic_client\\Cargo.toml","metadata":null,"publish":null,"authors":[],"categories":[],"keywords":[],"readme":null,"repository":null,"homepage":null,"documentation":null,"edition":"2021","links":null,"default_run":null,"rust_version":"1.97.1"}],"workspace_members":["path+file:///C:/Users/Daniel/Documents/opencode/wifimic/crates/wifimic_protocol#0.1.0","path+file:///C:/Users/Daniel/Documents/opencode/wifimic/crates/wifimic_diagnostics#0.1.0","path+file:///C:/Users/Daniel/Documents/opencode/wifimic/apps/wifimic_server#0.1.0","path+file:///C:/Users/Daniel/Documents/opencode/wifimic/apps/wifimic_client#0.1.0"],"workspace_default_members":["path+file:///C:/Users/Daniel/Documents/opencode/wifimic/crates/wifimic_protocol#0.1.0","path+file:///C:/Users/Daniel/Documents/opencode/wifimic/crates/wifimic_diagnostics#0.1.0","path+file:///C:/Users/Daniel/Documents/opencode/wifimic/apps/wifimic_server#0.1.0","path+file:///C:/Users/Daniel/Documents/opencode/wifimic/apps/wifimic_client#0.1.0"],"resolve":null,"target_directory":"C:\\Users\\Daniel\\Documents\\opencode\\wifimic\\target","build_directory":"C:\\Users\\Daniel\\Documents\\opencode\\wifimic\\target","version":1,"workspace_root":"C:\\Users\\Daniel\\Documents\\opencode\\wifimic","metadata":null}
METADATA_EXIT_CODE=0
=== cargo build --workspace ===
   Compiling wifimic_client v0.1.0 (C:\Users\Daniel\Documents\opencode\wifimic\apps\wifimic_client)
   Compiling wifimic_server v0.1.0 (C:\Users\Daniel\Documents\opencode\wifimic\apps\wifimic_server)
   Compiling wifimic_protocol v0.1.0 (C:\Users\Daniel\Documents\opencode\wifimic\crates\wifimic_protocol)
   Compiling wifimic_diagnostics v0.1.0 (C:\Users\Daniel\Documents\opencode\wifimic\crates\wifimic_diagnostics)
    Finished `dev` profile [unoptimized + debuginfo] target(s) in 2.59s
BUILD_EXIT_CODE=0
=== cargo clippy --workspace -- -D warnings ===
    Checking wifimic_diagnostics v0.1.0 (C:\Users\Daniel\Documents\opencode\wifimic\crates\wifimic_diagnostics)
    Checking wifimic_protocol v0.1.0 (C:\Users\Daniel\Documents\opencode\wifimic\crates\wifimic_protocol)
    Checking wifimic_client v0.1.0 (C:\Users\Daniel\Documents\opencode\wifimic\apps\wifimic_client)
    Checking wifimic_server v0.1.0 (C:\Users\Daniel\Documents\opencode\wifimic\apps\wifimic_server)
    Finished `dev` profile [unoptimized + debuginfo] target(s) in 0.21s
CLIPPY_EXIT_CODE=0
=== cargo fmt --all -- --check ===
Warning: Unknown configuration option `use_small_diffs`
Warning: Unknown configuration option `use_small_diffs`
Warning: Unknown configuration option `use_small_diffs`
Warning: Unknown configuration option `use_small_diffs`
FMT_EXIT_CODE=0
