Manifest-inspection proof (Windows host)

The requested `mt.exe`/`dumpbin.exe` tools are not installed on PATH. The
MinGW PE resource inspection available on this host confirms a resource
section for each target, and a direct scan of the embedded manifest payload
shows the required elevation string only in the updater:

Command: objdump -p <exe> | Select-String 'Resource Directory|.rsrc'
=== target\release\wifimic_client_updater.exe ===
Entry 2 00000000004e8000 0001c6b8 Resource Directory [.rsrc]
The .rsrc Resource Directory section:
=== target\release\wifimic_client.exe ===
Entry 2 0000000000570000 0001c4e0 Resource Directory [.rsrc]
The .rsrc Resource Directory section:
=== target\release\wifimic_control_smoke.exe ===
Entry 2 00000000000d3000 0001c4e0 Resource Directory [.rsrc]
The .rsrc Resource Directory section:

Command: python -c "from pathlib import Path; paths=['target/release/wifimic_client_updater.exe','target/release/wifimic_client.exe','target/release/wifimic_control_smoke.exe']; [print(p, 'requireAdministrator=', Path(p).read_bytes().count(b'requireAdministrator')) for p in paths]"
target/release/wifimic_client_updater.exe requireAdministrator= 1
target/release/wifimic_client.exe requireAdministrator= 0
target/release/wifimic_control_smoke.exe requireAdministrator= 0

Equivalent PE resource-tree excerpt from `objdump -x`:
=== target\release\wifimic_client_updater.exe ===
000  Type Table: Char: 0, Time: 00000000, Ver: 0/0, Num Names: 0, IDs: 3
020   Entry: ID: 0x000018, Value: 0x80000148
148    Name Table: Char: 0, Time: 00000000, Ver: 0/0, Num Names: 0, IDs: 1
158     Entry: ID: 0x000001, Value: 0x80000160
160      Language Table: Char: 0, Time: 00000000, Ver: 0/0, Num Names: 0, IDs: 1
170       Entry: ID: 0x000409, Value: 0x0001f8
1f8        Leaf: Addr: 0x504528, Size: 0x00017d, Codepage: 0
=== target\release\wifimic_client.exe ===
000  Type Table: Char: 0, Time: 00000000, Ver: 0/0, Num Names: 0, IDs: 2
010   Entry: ID: 0x000003, Value: 0x80000020
018   Entry: ID: 0x00000e, Value: 0x80000110
(no ID 0x000018 / RT_MANIFEST resource)
=== target\release\wifimic_control_smoke.exe ===
000  Type Table: Char: 0, Time: 00000000, Ver: 0/0, Num Names: 0, IDs: 2
010   Entry: ID: 0x000003, Value: 0x80000020
018   Entry: ID: 0x00000e, Value: 0x80000110
(no ID 0x000018 / RT_MANIFEST resource)
