# Task 19 peer-allow-list acceptance evidence
# Captured 2026-08-22 from C:\Users\Daniel\Documents\opencode\wifimic.

## Harness shape

Added an ignored integration test at:
    apps/wifimic_server/tests/lan_audio_acceptance.rs

Supporting test-only modules remain inside `apps/wifimic_server/tests/lan_audio_acceptance/`.
The harness is not a workspace member, is ignored by default, uses bounded SSH options, binds
the real Windows source `192.168.0.200`, sends `encode_control(Start { session_id })` to
`192.168.0.210:6902`, decodes the real response, and sends an acknowledged Stop through an
RAII cleanup guard. It only reads firewall/service state and never installs rules or restarts
the service.

## Deterministic application fallback

Command:
    cargo test -p wifimic_server control_start_wire_emits_session_started_and_ack -- --nocapture

Result:
    PASS — 1 passed, 0 failed, 18 filtered out.

This test sends the actual encoded Start bytes through `ControlPlane::handle_datagram`, asserts
the decoded Ack for the literal session ID and START tag, and asserts the emitted
`Event::SessionStarted`. It is separate from the live host-firewall scenario.

Command:
    cargo test -p wifimic_server network

Result:
    PASS — 3 passed, 0 failed, 16 filtered out.
    network_accepts_approved_peer
    network_rejects_ipv6_and_other_ipv4_sources
    network_drops_datagram_from_unapproved_source

The existing Todo 7 rejection test remains the deterministic fallback when no third reachable
LAN source exists; no third source was invented.

## Live preflight and firewall evidence

Commands:
    ssh -o BatchMode=yes -o ConnectionAttempts=1 -o ConnectTimeout=5 -o ServerAliveInterval=2 -o ServerAliveCountMax=2 arch-daniel "systemctl --user is-active wifimic-server; ss -lunp | grep 6902"
    ssh -o BatchMode=yes -o ConnectionAttempts=1 -o ConnectTimeout=5 -o ServerAliveInterval=2 -o ServerAliveCountMax=2 arch-daniel "systemctl is-active ufw.service; systemctl is-active nftables.service; systemctl is-active iptables.service; sudo -n nft -a list chain ip filter ufw-user-input"

Literal results:
    wifimic-server=active; MainPID=33601; UDP listener=0.0.0.0:6902 owned by wifimic_server PID 33601.
    ufw.service=active
    nftables.service=inactive
    iptables.service=inactive
    ip saddr 192.168.0.200 udp dport 6902 counter packets 3 bytes 114 accept
    udp dport 6902 counter packets 0 bytes 0 drop

The UFW status also contained the exact peer-only scope:
    6902/udp ALLOW IN 192.168.0.200 # wifimic-server peer
    6902/udp DENY IN Anywhere # wifimic-server default drop
No broad `6902/udp ALLOW IN Anywhere` rule was present. The peer counter increased from the
pre-send value `packets 1 bytes 38` to `packets 3 bytes 114` after the real Start/cleanup traffic;
the drop counter remained zero. This is independent host-firewall evidence, not a client-local
send claim.

## Verification limitation

The live Start/Ack stage was attempted against the real active listener but timed out; exact
failure output and the stale-binary finding are recorded in the paired failure evidence. The
deterministic application fallback passed and the firewall accepted the actual peer packet.

## Cleanup receipt

    local_udp_6902=0
    local_wifimic_server_processes=0
    service remained active; ufw remained active; nftables/iptables remained inactive

No temporary firewall rules, extra backend, service restart, listener, SSH staging file, or
long-lived child process was created. The harness's Stop guard sent cleanup after the bounded
Ack timeout; the source socket was dropped at test exit.

## Workspace gates

Commands:
    cargo build --workspace
    cargo test --workspace -- --nocapture
    cargo clippy --workspace --all-targets -- -D warnings
    rustfmt --edition 2021 --check <all five changed Rust test files>
    bash -n deploy/linux/wifimic-server-firewall.sh
    bash -n deploy/linux/wifimic-server-iptables.sh

Results:
    PASS — workspace build.
    PASS — workspace tests: all non-ignored tests passed; server 18 passed/1 ignored,
    client 34 passed/2 ignored, diagnostics 5 passed, protocol 11 passed.
    PASS — workspace Clippy with `-D warnings`.
    PASS — changed Rust formatting and both firewall shell syntax checks.
    Rust LSP diagnostics timed out on all changed Rust files, matching the inherited workspace
    limitation; Cargo/compiler/Clippy were authoritative.
