Task 11 — adaptive jitter buffer happy-path evidence
Date: 2026-08-22

Command:
  cargo test -p wifimic_client jitter_grows_under_sustained_loss_and_decays_after_recovery

Result: PASS (exit code 0)
  jitter_grows_under_sustained_loss_and_decays_after_recovery: 1 passed
  filtered: 27

Assertions covered:
  - sustained one-frame gaps grow the target above the 40 ms floor;
  - 5 ms on-time recovery decays the target back to exactly 40 ms;
  - target adaptation uses injected arrival times only.

Additional targeted verification:
  cargo test -p wifimic_client jitter: PASS, 13 jitter tests passed.
  cargo build --workspace: PASS.
  cargo clippy --workspace --all-targets -- -D warnings: PASS.

Workspace-wide test note:
  cargo test --workspace reached all jitter tests successfully but exited 101 because
  two unrelated pre-existing logging tests failed in apps/wifimic_client/src/logging.rs
  (expected removals 2/1, observed 3/2). No logging code was changed for Task 11.

Refactor verification:
  - extracted public types, queue/playout state, and adaptive helpers into cohesive modules;
  - cargo test -p wifimic_client jitter: PASS, 13 passed;
  - cargo test --workspace: PASS, 26 client tests passed, 2 ignored, plus all workspace tests;
  - cargo build --workspace: PASS;
  - cargo clippy --workspace --all-targets -- -D warnings: PASS;
  - rustfmt --edition 2021 --check on all jitter Rust files: PASS;
  - cargo fmt --all -- --check: PASS;
  - every touched jitter Rust file measured at or below 250 pure LOC.
  The previously reported logging failures did not reproduce on the recheck.
