# Todo 23 — failure-path and blocker evidence
# Captured: 2026-08-22 from C:\Users\Daniel\Documents\opencode\wifimic.

## Failure classification

- **PASS — read-only preflight completed:** local PowerShell and remote SSH probes
  returned timestamped state without mutating either host.
- **PASS — service/listener prerequisite only:** `arch-daniel` reported
  `wifimic-server=active`, `MainPID=33601`, and UDP `0.0.0.0:6902` listening.
- **FAIL — live-heartbeating-client prerequisite:** the canonical Windows task
  `\wifimic\wifimic-client`, `C:\Program Files\wifimic-client`, both exact client
  process spellings, and local UDP 6902 were absent. No alternate active client was
  found in the remote UDP table or journal.
- **FAIL — source-unavailable fault injection:** stopped before mutation because no
  real heartbeating session existed. The pinned source was not muted, suspended, or
  replaced by another source.
- **FAIL — repeated typed retry cadence:** no real session entered `Starting`, and
  `journalctl` contained zero `CaptureRetry` records. No ~5-second cadence can be
  claimed.
- **FAIL — zero-fallback assertion:** no capture attempt ran, so absence of fallback
  was not observed.
- **FAIL — automatic resumption:** source restoration and resumed streaming were not
  exercised because source fault injection was forbidden without a live client.
- **FAIL — heartbeat-timeout composition scenario:** the required longer-than-heartbeat
  outage was not run; there was no client heartbeat to keep valid or expire.
- **PASS — cleanup/host-state safety:** no mutating SSH command, service restart,
  rebuild, reinstall, `pactl` mutation, firewall change, or client simulation occurred.
  The postcheck matched the preflight audio configuration and the service remained
  active. No restoration action was needed.

## Decisive raw blocker output

```text
PREFLIGHT_LOCAL_TIMESTAMP=2026-08-22T21:30:00.9894751+08:00
WINDOWS_HOST=DANIEL-GIGABYTE
daniel-gigabyte\daniel
TASK_\\wifimic\\wifimic-client=ABSENT
INSTALL_ROOT_EXISTS=False
INSTALL_ROOT=ABSENT
CLIENT_PROCESSES=ABSENT
LOCAL_UDP_6902=

PREFLIGHT_REMOTE_TIMESTAMP=2026-08-22T21:29:19,553354884+08:00
REMOTE_HOST=arch-daniel
SERVICE_ACTIVE=active
MainPID=33601
LISTENER_6902=UNCONN 0      0            0.0.0.0:6902       0.0.0.0:*    users:(("wifimic_server",pid=33601,fd=3))
BINARY_STAT=/home/daniel/.local/bin/wifimic_server|2026-08-22 16:44:50.539301747 +0800|450624
JOURNAL_CAPTURE_RETRY_COUNT=0
JOURNAL_HEARTBEAT_COUNT=0

POSTCHECK_REMOTE_TIMESTAMP=2026-08-22T21:31:05,013556561+08:00
SERVICE_ACTIVE=active
SOURCE_SHORT=57	alsa_input.pci-0000_00_1b.0.analog-stereo	PipeWire	s32le 2ch 48000Hz	SUSPENDED
PINNED_MUTE=Mute: no
PINNED_VOLUME=Volume: front-left: 39321 /  60% / -13.31 dB,   front-right: 39321 /  60% / -13.31 dB
        balance 0.00
DEFAULT_SOURCE=alsa_input.pci-0000_00_1b.0.analog-stereo
JOURNAL_SINCE_PREFLIGHT=-- No entries --
```

## Stop decision

The inherited Todo 21 preflight's missing Windows client is reproduced by this task's
fresh read-only probe. The active Linux service and pinned source alone do not establish
the required heartbeat-valid session. Per the task instruction, the run stopped at
preflight instead of simulating a client or mutating PipeWire. Todo 23 cannot be checked,
and the commit message `test(e2e): verify Linux capture-retry on real host` must not be used.

---

## 2026-08-23 live failure-path receipt

- **PASS — live-client gate was satisfied:** `schtasks.exe /Run /TN
  '\\wifimic\\wifimic-client'` returned exit code `0`; the real process was
  PID `33092`, its UDP socket was `0.0.0.0:6902`, and the Linux server stayed
  active at PID `35138` with real `parec` PID `35533`.
- **PASS — heartbeat validity was maintained for the observation window:** the
  capture process remained alive from `2026-08-23T02:01:21` through the
  post-fault observations beyond two minutes, rather than entering the idle
  state after the 30-second liveness deadline. Session ID and packet-level
  heartbeat timestamps were not observable because the production logs were
  empty and neither `tcpdump` nor `dumpcap` was installed.
- **BLOCKED — source-missing injection:** `pactl suspend-source
  alsa_input.pci-0000_00_1b.0.analog-stereo 1` returned exit code `0`, but the
  source remained `RUNNING`, `parec` PID `35533` remained alive, and the
  server PID remained `35138`. This operation did not create the required
  unavailable endpoint.
- **BLOCKED — typed start failure/retry:** no `CaptureRetry` record, typed
  start failure, or retry timestamp was observed. The implementation's
  `CaptureHandle::start` only reports process-spawn errors; source endpoint
  absence is handled after spawning during `read_frame`, outside the
  `ControlState::Starting` retry branch.
- **PASS — no fallback:** the exact pinned `parec --device` argument remained
  in every process observation, and no alternate source was selected.
- **BLOCKED — automatic resumption:** there was no source outage to recover
  from, so no automatic resumption timestamp can be claimed.
- **PASS — safety/cleanup:** the restore command returned exit code `0`; final
  state was task `Ready`/enabled, client absent, service active at unchanged
  PID `35138`, no `parec`, pinned source `SUSPENDED`, mute `no`, both channels
  at `60%`, and default source unchanged. No card-profile, firewall, binary,
  service, source-name, temporary process, or temporary configuration mutation
  was left behind.

### Decisive raw fault output

```text
FAULT_SUSPEND_REQUEST=2026-08-23T02:04:25.1104952+08:00
FAULT_SUSPEND_EXIT=0
SERVICE=active,running,35138
PAREC_PS
  35533   35138 Sun Aug 23 02:01:21 2026 parec --raw --format=s16le --rate=48000 --channels=1 --latency-msec=5 --process-time-msec=5 --device=alsa_input.pci-0000_00_1b.0.analog-stereo
57  alsa_input.pci-0000_00_1b.0.analog-stereo PipeWire s32le 2ch 48000Hz RUNNING
JOURNAL
-- No entries --
FAULT_RESTORE_REQUEST=2026-08-23T02:04:36.5037674+08:00
FAULT_RESTORE_EXIT=0
```

The failure is a truthful product/testability blocker, not a missing live
client. Todo 23 remains **BLOCKED**, with no retry or resumption approval
claimed and no plan checkbox changed.
