# Todo 4 happy-path verification

Built real artifacts with:

```text
cargo build --release --locked -p wifimic_client
cargo build --release --locked -p wifimic_client --bin wifimic_client_updater
```

Ran `deploy/windows/install-wifimic-client.ps1 -ClientExecutable <temp>\wifimic_client.exe -TestMode -TestStateRoot <temp-state>` with both release executables staged beside one another.

```json
{"Status":"Installed","Mode":"Test","InstallRoot":"C:\\Program Files\\wifimic-client","ExecutablePath":"C:\\Program Files\\wifimic-client\\wifimic_client.exe","MarkerFilePath":null,"TaskFolder":"\\wifimic\\","TaskName":"wifimic-client","TaskPath":"\\wifimic\\wifimic-client","FirewallDisplayName":"wifimic-client","RemoteAddress":"192.168.0.210/32","Protocol":"UDP","Port":"6902","Endpoint":"CABLE Input (VB-Audio Virtual Cable)","LogonTrigger":"LogonTrigger","LogonType":"InteractiveToken","FakeTask":"\\wifimic\\wifimic-client","FakeFirewall":"wifimic-client","FakeInstallRoot":"C:\\Program Files\\wifimic-client","FakeEvents":["GetTask","GetFirewall","GetRenderEndpointNames","EnsureDirectory","EnsureDirectory","CopyFile","CopyFile","CopyFile","CopyFile","SetTask","GetTask","SetFirewall","GetFirewall"]}
EXIT_CODE=0
```

The four `CopyFile` events are the client stage copy, client install copy, updater stage copy, and updater install copy.

# Local release package verification

Reproduced the Windows workflow's build, staging, `Compress-Archive`, and `Get-FileHash` steps locally. The resulting output was:

```text
ZIP_ENTRIES=install-wifimic-client.ps1,test.md,wifimic_client.exe,wifimic_client_updater.exe
HASH=4c05fa0fa6d119bf3cdf61b2fcdd1a77b73600387f372f0098d6fb92e2c2d7bd
MANIFEST=4c05fa0fa6d119bf3cdf61b2fcdd1a77b73600387f372f0098d6fb92e2c2d7bd  wifimic-windows-x86_64.zip
MANIFEST_MATCH=True
CONTAINS_wifimic_client.exe=True
CONTAINS_wifimic_client_updater.exe=True
CONTAINS_install-wifimic-client.ps1=True
CONTAINS_test.md=True
```
