cargo :     Finished `test` profile [unoptimized + debuginfo] target(s) in 0.12s
位於 線路:1 字元:95
+ ... ory is missing' }; cargo test -p wifimic_server --locked 2>&1 | Tee-O ...
+                        ~~~~~~~~~~~~~~~~~~~~~~~~~~~~~~~~~~~~~~~~~~
    + CategoryInfo          : NotSpecified: (    Finished `t...get(s) in 0.12s:String) [], RemoteException
    + FullyQualifiedErrorId : NativeCommandError

     Running unittests src\main.rs (target\debug\deps\wifimic_server-44f40e27d652fec5.exe)

running 44 tests
test capture::tests::capture_adapter_starts_and_stops_real_source ... ignored, requires the verified Linux PipeWire source on arch-daniel
test capture::tests::pinned_parec_arguments_are_exactly_the_verified_source_contract ... ok
test capture::tests::reads_exact_frames_across_partial_stdout_chunks ... ok
test capture::tests::stop_terminates_the_process_and_is_idempotent ... ok
test capture::tests::capture_frame_keeps_unix_timestamp_from_the_read_boundary ... ok
test capture::tests::missing_endpoint_is_a_typed_error_without_default_substitution ... ok
test capture::tests::capture_handle_is_idle_until_explicit_start ... ok
test cli::tests::parses_service_and_one_shot_commands ... ok
test capture::tests::partial_and_empty_stdout_are_typed_malformed_input ... ok
test cli::tests::rejects_missing_upgrade_tag_without_panicking ... ok
test capture::tests::acquisition_timestamps_are_attached_and_monotonic_without_sleeping ... ok
test cli::tests::rejects_unrecognized_arguments ... ok
test control::tests::capture_retry_tests::control_retries_capture_read_failure_every_5s_and_preserves_same_session_heartbeat ... ok
test control::tests::control_read_timeout_blocks_indefinitely_while_idle ... ok
test control::tests::control_rejects_mismatched_heartbeat_and_stop ... ok
test control::tests::control_rejects_stale_or_replayed_session_id ... ok
test control::tests::control_read_timeout_keeps_the_tight_poll_while_streaming ... ok
test control::tests::control_read_timeout_bounds_to_the_pending_capture_retry_while_starting ... ok
test control::tests::control_retries_capture_every_5s_and_resumes_same_session ... ok
test cli::tests::rejects_check_update_as_unrecognized ... ok
test control::tests::control_stop_preserves_session_high_water_mark ... ok
test control::tests::capture_retry_tests::control_streaming_capture_read_failure_schedules_retry_without_error ... ok
test control::tests::control_start_wire_emits_session_started_and_ack ... ok
test control::tests::control_stops_capture_after_30s_without_heartbeat ... ok
test control::tests::control_superseding_start_during_streaming_does_not_restart_capture ... ok
test diagnostic_capture::tests::latency_capture_sample_pairs_control_sequence_with_capture_timestamp ... ok
test doctor::tests::reports_fail_when_neither_firewall_backend_has_the_port_rule ... ok
test doctor::tests::reports_pass_when_service_source_and_one_firewall_backend_are_ready ... ok
test update_cli::tests::check_update_reports_available_release_without_failure ... ok
test status::tests::reports_inactive_and_disabled_as_successful_queries ... ok
test network::tests::network_rejects_ipv6_and_other_ipv4_sources ... ok
test network::tests::network_binds_the_configured_linux_peer_address ... ok
test upgrade::tests::upgrade_rolls_back_when_health_check_fails ... ok
test upgrade::tests::upgrade_rolls_back_when_stop_fails ... ok
test upgrade::tests::upgrade_happy_path_replaces_and_health_checks_the_binary ... ok
test upgrade::tests::upgrade_reports_rollback_failure_distinctly ... ok
test network::tests::network_accepts_approved_peer ... ok
test update_cli::tests::check_update_returns_network_failure_for_nonzero_exit_path ... ok
test control::tests::control_streams_while_heartbeats_arrive_within_30s ... ok
test upgrade::tests::upgrade_without_tag_is_a_noop_when_latest_matches_current ... ok
test upgrade::tests::upgrade_rolls_back_when_restart_fails ... ok
test upgrade::tests::upgrade_rolls_back_when_swap_fails ... ok
test update_cli::tests::check_update_reports_up_to_date_without_failure ... ok
test network::tests::network_drops_datagram_from_unapproved_source ... ok

test result: ok. 43 passed; 0 failed; 1 ignored; 0 measured; 0 filtered out; finished in 0.00s

     Running tests\lan_audio_acceptance.rs (target\debug\deps\lan_audio_acceptance-a4cb6267cb029d1f.exe)

running 1 test
test accepted_windows_peer_reaches_live_server_and_firewall_is_peer_scoped ... ignored, requires arch-daniel, active firewall, and Windows peer 192.168.0.200

test result: ok. 0 passed; 0 failed; 1 ignored; 0 measured; 0 filtered out; finished in 0.00s

cargo :     Finished `test` profile [unoptimized + debuginfo] target(s) in 0.13s
位於 線路:1 字元:262
+ ... EXITCODE }; cargo test -p wifimic_server --locked cli::tests::parses_ ...
+                 ~~~~~~~~~~~~~~~~~~~~~~~~~~~~~~~~~~~~~~~~~~~~~~~~~~~~~~~~~
    + CategoryInfo          : NotSpecified: (    Finished `t...get(s) in 0.13s:String) [], RemoteException
    + FullyQualifiedErrorId : NativeCommandError

     Running unittests src\main.rs (target\debug\deps\wifimic_server-44f40e27d652fec5.exe)

running 1 test
test cli::tests::parses_service_and_one_shot_commands ... ok

test result: ok. 1 passed; 0 failed; 0 ignored; 0 measured; 43 filtered out; finished in 0.00s

     Running tests\lan_audio_acceptance.rs (target\debug\deps\lan_audio_acceptance-a4cb6267cb029d1f.exe)

running 0 tests

test result: ok. 0 passed; 0 failed; 0 ignored; 0 measured; 1 filtered out; finished in 0.00s
