# Task 24 — failure-path evidence for heartbeat-timeout auto-stop
# Captured 2026-08-22 from C:\Users\Daniel\Documents\opencode\wifimic.

## Literal criterion classification

- **PASS — state-machine inspection before live action:** `HEARTBEAT_TIMEOUT` is 30 seconds, and
  the server control state includes `Idle`; Todo 6's deterministic timeout test passes separately.
- **PASS — read-only preflight:** Windows and SSH probes completed with timestamps.
- **FAIL — required live Windows client:** `CLIENT_PROCESS_wifimic_client.exe=ABSENT` and
  `CLIENT_PROCESS_wifimic-client.exe=ABSENT`.
- **FAIL — required installed/task artifacts:** `INSTALL_ROOT_EXISTS=False`,
  `INSTALL_ROOT=ABSENT`, and `TASK_\wifimic\wifimic-client=ABSENT`.
- **FAIL — live streaming session:** no Start/Ack, session ID, heartbeat, capture activity, or
  streaming state was observed.
- **FAIL — forced process termination path:** no real client process was present, so the requested
  crash/power-loss simulation was not performed.
- **FAIL — exact 30–35 second inclusive window:** no real last-heartbeat-to-Idle/capture-stop
  elapsed time can be computed. There is no truthful PASS or simulated timing result.
- **FAIL — fresh-session resumption:** no initial session existed to time out and no fresh session
  was started.
- **FAIL — server-survival check during the scenario:** PID 33601 was alive during preflight, but
  the timeout scenario never ran; no claim is made that it survived that unexecuted scenario.

## Exact blocker receipt

```text
PREFLIGHT_LOCAL_TIMESTAMP=2026-08-22T21:29:04.4467076+08:00
TASK_\wifimic\wifimic-client=ABSENT
INSTALL_ROOT_EXISTS=False
CLIENT_PROCESS_wifimic_client.exe=ABSENT
CLIENT_PROCESS_wifimic-client.exe=ABSENT

PREFLIGHT_REMOTE_TIMESTAMP=2026-08-22T21:29:05,152186091+08:00
SERVICE_ACTIVE=active
MainPID=33601
LISTENER_6902=UNCONN 0      0            0.0.0.0:6902       0.0.0.0:*    users:(("wifimic_server",pid=33601,fd=3))
BINARY_STAT=/home/daniel/.local/bin/wifimic_server|2026-08-22 16:44:50.539301747 +0800|450624
REMOTE_PROCESS=33601 /home/daniel/.local/bin/wifimic_server
```

The Linux service being active is only a preflight fact. It cannot establish a client stream,
provide a last-heartbeat timestamp, or prove timeout timing. The active binary's stale mtime and
the prior Todo 19 live Ack timeout are deployment blockers; this task does not authorize repairing
them.

## Non-mutation and cleanup receipt

No client process was killed, no tray Exit path was used, no Scheduled Task was installed or
registered, no executable was installed, no firewall rule was changed, and the remote service was
not rebuilt, restarted, or otherwise mutated. No simulated heartbeat, Idle event, capture stop,
fresh session, timestamp, or server-survival result was used. Todo 24 remains unchecked.

---

## 2026-08-23 live acceptance classification

The installed client/task and refreshed Linux server were present, so the previous preflight
blocker was cleared. The real scenario ran, but the exact heartbeat-to-Idle measurement remains
blocked by production observability: client diagnostics and Linux journal emitted no heartbeat,
session-ID, or lifecycle records, and no packet-capture observer was available.

```text
TASK_TRIGGER_TIMESTAMP=2026-08-23T02:13:36.3361488+08:00
CLIENT_PID=31228
CLIENT_PATH=C:\Program Files\wifimic-client\wifimic_client.exe
UDP_6902=0.0.0.0:6902 PID=31228
ACTIVE_CAPTURE=35992 parec --raw --format=s16le --rate=48000 --channels=1 --latency-msec=5 --process-time-msec=5 --device=alsa_input.pci-0000_00_1b.0.analog-stereo
KILL_PRECHECK_TIMESTAMP=2026-08-23T02:14:28.1498444+08:00
KILL_REQUEST_TIMESTAMP=2026-08-23T02:14:28.2578729+08:00
CLIENT_AFTER_KILL_COUNT=0
UDP_AFTER_KILL_COUNT=0
```

```text
TIMEOUT_OBS_TIMESTAMP=2026-08-23T02:14:56,668764853+08:00
SERVICE=active MAINPID=35138
PAREC=35992 ... --device=alsa_input.pci-0000_00_1b.0.analog-stereo
SOURCE=... RUNNING
TIMEOUT_OBS_TIMESTAMP=2026-08-23T02:14:57,711149956+08:00
SERVICE=active MAINPID=35138
PAREC=
SOURCE=... IDLE
TIMEOUT_OBS_TIMESTAMP=2026-08-23T02:15:02,944540074+08:00
SERVICE=active MAINPID=35138
PAREC=
SOURCE=... SUSPENDED
```

Literal timing calculations:

- `KILL_REQUEST` to first no-`parec` observation: `29.453277056` seconds.
- Last observed remote active-capture proxy before kill:
  `2026-08-23T02:14:14,401654995+08:00`.
- That proxy to first no-`parec` observation: `43.309494961` seconds.
- These values do not measure the required last valid heartbeat to Idle interval. No 30–35
  second acceptance is claimed.

### Criterion classification

- **PASS — real task/session:** canonical task, exact client, UDP endpoint, pinned `parec`, and
  RUNNING source were observed.
- **PASS — crash-like kill:** only PID 31228 at the exact Program Files path was terminated with
  `Stop-Process`; no tray Exit or explicit Stop preceded timeout observation.
- **PASS — server survival/capture stop:** service remained active at MainPID 35138, with
  `NRestarts=0`; `parec` disappeared and source returned to idle/suspended. **BLOCKED — direct
  Idle state receipt:** no journal/diagnostic lifecycle output exposed `ControlState::Idle`.
- **BLOCKED — exact 30–35-second deadline:** no valid heartbeat timestamp was observable, so the
  kill-to-capture interval is retained as evidence but is not substituted for the required
  heartbeat-to-Idle interval.
- **PASS — fresh session:** task retrigger produced PID 34604, UDP 6902, server PID 35138,
  pinned `parec` PID 36366, and RUNNING source.
- **PASS — final cleanup state:** task Ready/enabled and exact action restored; client and local
  UDP endpoint absent; server active at PID 35138; `parec` absent; pinned source SUSPENDED and
  default source unchanged. Fresh cleanup used `schtasks.exe /End` plus exact-client fallback;
  no explicit Stop Ack was observable.

```text
FINAL_LOCAL_TIMESTAMP=2026-08-23T02:18:05.4356360+08:00
TASK_STATE=Ready
TASK_ENABLED=True
TASK_EXECUTE=C:\Program Files\wifimic-client\wifimic_client.exe
CLIENT_PROCESS_COUNT=0
LOCAL_UDP_6902_COUNT=0
FINAL_REMOTE_TIMESTAMP=2026-08-23T02:18:06,157809662+08:00
SERVICE_ACTIVE=active
ActiveState=active
SubState=running
MainPID=35138
NRestarts=0
PAREC_PS=
LISTENER_6902=UNCONN 0 0 0.0.0.0:6902 0.0.0.0:* users:(('wifimic_server',pid=35138,fd=3))
57 alsa_input.pci-0000_00_1b.0.analog-stereo PipeWire s32le 2ch 48000Hz SUSPENDED
DEFAULT_SOURCE=alsa_input.pci-0000_00_1b.0.analog-stereo
```

Overall classification: **BLOCKED** only for the precise heartbeat-to-Idle timing and direct Idle
state observation. No unavailable result was simulated or promoted to PASS.
