Task 12 happy-path evidence — 2026-08-22

Commands and results:

    cargo test -p wifimic_client control -- --nocapture
    PASS: 8 control tests passed in the library target and 8 control tests passed in the binary target.

    cargo test --workspace -- --nocapture
    PASS: workspace tests passed; client library 30 passed/2 ignored, client binary 34 passed/2 ignored, diagnostics 5 passed, protocol wire-contract 11 passed, server 18 passed/1 ignored. Ignored tests were hardware/live-host scenarios and are not claimed as automated passes.

    cargo build --workspace
    PASS: workspace build finished successfully.

    cargo clippy --workspace --all-targets -- -D warnings
    PASS: workspace Clippy finished successfully with warnings denied.

    cargo fmt --all -- --check
    PASS: formatting check completed after the final source edit. rustfmt emitted only the repository's existing unknown `use_small_diffs` configuration warning.

Pure non-comment LOC:

    control.rs 244
    control_logic.rs 177
    control_support.rs 72
    control_tests.rs 218
    lib.rs 3
    main.rs 49

Behavior covered without hardware:

- Start waits for a decoded matching Ack; only then does Streaming begin.
- Heartbeats use the accepted session, two missed matching Heartbeat Acks enter Unreachable, and a matching Ack restores Streaming.
- Every Start, Restart, and reconnect retry is decoded from a fresh wire Start ID; same-millisecond and backward-clock generation are covered.
- A fixed stale server high-water mark is self-healed by fresh retry IDs once the injected epoch advances past it.
- Unapproved source IPs are dropped before Ack or audio processing; source ports are not used for trust.
- Audio is decoded, queued through JitterBuffer, and rendered through the AudioRenderer seam; gaps render silence.
- Stop emits the current-run Stop and prevents further automatic packets until a new explicit Restart.

Cleanup receipt: tests used only in-memory transport/renderer fakes and injected clocks. No real UDP socket, timer thread, VB-CABLE endpoint, process, temporary file, or raw PCM diagnostic output was used or left behind.
