# Task 9 deployment guide evidence
# Captured 2026-08-22T09:07:49Z from C:\Users\Daniel\Documents\opencode\wifimic.

## Artifact inspected before writing

Files read in full:
    deploy/systemd/wifimic-server.service
    deploy/linux/wifimic-server-firewall.sh
    deploy/linux/wifimic-server-iptables.sh
    deploy/linux/wifimic-server.nft
    apps/wifimic_server/src/main.rs
    apps/wifimic_server/src/network.rs
    apps/wifimic_server/src/capture_types.rs
    Cargo.toml, apps/wifimic_server/Cargo.toml

Canonical values confirmed against source:
    service name            wifimic-server                (deploy/systemd/wifimic-server.service)
    ExecStart               %h/.local/bin/wifimic_server  (unit line 10)
    Linux host              192.168.0.210                 (deployment environment)
    Windows peer            192.168.0.200                 (network.rs:16, firewall.sh:4)
    UDP port                6902                          (network.rs:5, firewall.sh:5)
    pinned capture source   alsa_input.pci-0000_00_1b.0.analog-stereo (capture_types.rs:6)
    parec arguments         --raw --format=s16le --rate=48000 --channels=1
                            --latency-msec=5 --process-time-msec=5 --device=<pinned>
                                                          (capture_types.rs:9-17)

## Forbidden credential path check

Command:
    Select-String -Path docs/deployment-linux.md -Pattern '/home/daniel/.psw' | Measure-Object -Line

Result:
    Lines=0

Note: the first draft contained the forbidden string inside a prohibition note; the check
caught it and the line was rewritten to omit the literal path. Final count is 0.

## Simplified Chinese heuristic

Command:
    Select-String -Path docs/deployment-linux.md -Pattern '[东经广产应开门店张实见语读简]'

Result:
    no matches (empty output)

## Canonical value presence counts

Command:
    regex Match count per canonical string over docs/deployment-linux.md

Result:
    wifimic-server => 26
    %h/.local/bin/wifimic_server => 1
    192.168.0.210 => 4
    192.168.0.200 => 11
    6902 => 16
    alsa_input.pci-0000_00_1b.0.analog-stereo => 5
    loginctl enable-linger daniel => 2
    systemctl --user enable --now wifimic-server => 1

## Referenced shell script syntax check (local Git Bash)

Command:
    & 'C:\Program Files\Git\bin\bash.exe' -n deploy/linux/wifimic-server-firewall.sh
    & 'C:\Program Files\Git\bin\bash.exe' -n deploy/linux/wifimic-server-iptables.sh

Result:
    firewall.sh exit: 0
    iptables.sh exit: 0

## Root/system-service command audit of the guide

Command:
    Select-String -Path docs/deployment-linux.md -Pattern 'systemctl (?!--user)'

Result lines and verdicts:
    line 5   `sudo systemctl start wifimic` quoted as the draft's concept-only mechanism,
             explicitly corrected to user unit + linger (required explanation)
    line 217 `systemctl list-units 'iptables.service' 'nftables.service' 'ufw.service'
             --state=active` — firewall services are system services; correct
    line 253 commented-out rollback `sudo systemctl disable --now nftables.service` — correct
    line 262 rollback `sudo systemctl restart iptables.service` — mirrors firewall.sh:50; correct

No root-level start/enable of wifimic-server exists anywhere in the guide.

## Misleading-command fix recorded

The first draft used `Test-NetConnection ... -Udp`, which does not exist (the cmdlet is
TCP-only). Section 7.2 was rewritten to a .NET UdpClient send plus Linux-side firewall
counter verification. Post-fix check:

Command:
    Select-String -Path docs/deployment-linux.md -Pattern 'Test-NetConnection.*-Udp|\$\(git rev-parse'

Result:
    0 matches

## UFW expected-output precision fix

Draft hard-coded rule numbers `[ 1]`/`[ 2]`; actual numbering depends on pre-existing rules
(the allow is inserted at priority 1, the deny is appended). Rewritten to describe both rules
without fixed numbers.

## No remote changes

No ssh/scp commands were issued during this task. Remote arch-daniel state remains exactly
as reconciled by Task 8: ufw.service active, iptables/nftables services inactive, UFW rules
scoped to 192.168.0.200 UDP 6902, user service wifimic-server active.
