# Todo 21 — failure-path evidence for real tray lifecycle
# Captured 2026-08-22 from C:\Users\Daniel\Documents\opencode\wifimic.

## Failure classification

- **PASS — read-only preflight completed:** PowerShell and SSH returned timestamped host state.
- **PASS — canonical names were queried literally:** `\wifimic\wifimic-client`, `C:\Program Files\wifimic-client`, and both `wifimic_client.exe` / `wifimic-client.exe` process identities.
- **FAIL — required Windows Scheduled Task artifact:** `Get-ScheduledTask -TaskPath '\wifimic\' -TaskName 'wifimic-client'` returned `TASK_\wifimic\wifimic-client=ABSENT`.
- **FAIL — required installed client artifact:** `INSTALL_ROOT_EXISTS=False` and `INSTALL_ROOT=ABSENT`.
- **FAIL — required exact client process:** both queried process identities returned `ABSENT`.
- **PASS — Linux service preflight only:** `wifimic-server=active`, `MainPID=33601`, and UDP `0.0.0.0:6902` was listening.
- **FAIL — authorization/artifact gate for live mutation:** the required installed Windows artifacts were absent, and no explicit authorization/reversible cleanup plan was supplied for installing/registering them or changing the remote deployment.

## Why the Restart failure scenario was not run

Todo 21's failure scenario requires a live streaming session, a real tray Restart, a process
and task that remain alive, and a strictly greater fresh session ID within 10 seconds. With no
client process or canonical task, there was no real session to restart. The following required
observations are therefore literal **FAIL**, not skipped passes:

- **FAIL — streaming before Restart:** not observed.
- **FAIL — real tray Restart click:** not attempted.
- **FAIL — process remains alive through Restart:** not observed.
- **FAIL — Scheduled Task remains present/Ready through Restart:** not observed; task absent.
- **FAIL — fresh session ID is strictly greater:** no live session ID was available.
- **FAIL — Restart completes within 10 seconds:** no Start/Ack transition occurred.

No unit mock, fake task, stale cached log, synthetic Ack, synthetic session ID, or test-only
substitution was used. No task was created, no binary was installed, no firewall rule changed,
no user was logged out, and the remote service was not rebuilt, installed, restarted, or
otherwise mutated.

## Raw blocker receipt

The complete raw Windows and Linux command output, including timestamps, is recorded in the
paired happy-path evidence file `task-21-wifimic-lan-audio.log`. The decisive lines are:

```text
PREFLIGHT_LOCAL_TIMESTAMP=2026-08-22T21:19:47.4240146+08:00
TASK_\wifimic\wifimic-client=ABSENT
INSTALL_ROOT_EXISTS=False
CLIENT_PROCESS_wifimic_client.exe=ABSENT
PREFLIGHT_REMOTE_TIMESTAMP=2026-08-22T21:20:37,302525414+08:00
SERVICE_ACTIVE=active
MainPID=33601
LISTENER_6902=UNCONN 0      0            0.0.0.0:6902
```

Todo 21 remains unchecked. The prescribed commit message must not be used for this blocked
run.

---

## 2026-08-23 live failure characterization

- **PASS — installed-artifact gate:** `\wifimic\wifimic-client`,
  `C:\Program Files\wifimic-client\wifimic_client.exe`, the exact VB-CABLE Input endpoint,
  and the enabled task action were present.
- **PASS — canonical task start:** `schtasks.exe /Run /TN '\\wifimic\\wifimic-client'` returned
  exit code `0`; the exact installed process bound local UDP `0.0.0.0:6902`.
- **PASS — live capture boundary:** `arch-daniel` remained `wifimic-server=active`, PID
  `35138`; exact `parec` with the pinned source appeared and the source was `RUNNING`.
- **FAIL — native tray automation:** UI Automation found no `wifimic-client` element; PyWinAuto
  and PyWin32 were unavailable; Win32 `SetCursorPos` returned `False` with error `203`, and
  `SendInput(Win+B)` returned `0`. A direct `WM_CONTEXTMENU` message did not create a native
  menu. No Restart or Exit claim is made.
- **FAIL — Start/Heartbeat Ack evidence:** the installed client diagnostic files created during
  the live run contained headers only, and `pktmon` wire capture could not be enabled because
  `pktmon filter remove` and `pktmon filter add -p 6902` both returned access denied. No Ack or
  session ID was inferred from process/capture state.
- **PASS — cleanup Stop Ack only:** bounded cleanup probes received 11-byte Stop Acks for
  session IDs `1787419416417` and `1787420633347`. These were cleanup-probe observations, not
  tray Exit observations.
- **PASS — safe final state:** canonical client process count `0`, task `Ready` and enabled,
  Linux service active, UDP 6902 listener active, exact `parec` absent, and pinned capture source
  `SUSPENDED`. No firewall or persistent network rule was changed; no helper process remains.

### Why the required lifecycle was not converted into a pass

The native menu event is owned by the real tray runtime and is not exposed as a callable product
IPC endpoint. The only available UI paths were blocked by this session's desktop-input/API
restriction. Sending a unit event, injecting a fake menu event, using a manual helper as the
Restart/Exit action, or treating the cleanup Stop probe as tray Exit would violate the acceptance
contract, so Restart, Exit, process-survival, session rotation, and post-Exit logon semantics are
recorded as FAIL/unobserved.

---

## 2026-08-23 live failure characterization (second retry with deeper automation)

- **PASS — installed-artifact gate:** `\wifimic\wifimic-client`, `C:\Program Files\wifimic-client\wifimic_client.exe`, exact VB-CABLE Input endpoint, and enabled task action present.
- **PASS — canonical task start:** `schtasks.exe /Run` exit code `0`; exact installed process bound UDP `0.0.0.0:6902`.
- **PASS — live capture boundary:** `arch-daniel` `wifimic-server=active`, PID `35138`; exact `parec` with pinned source appeared, source `RUNNING`.
- **FAIL — native tray automation (three escalating methods):**
  1. **UIA overflow flyout + icon Invoke:** Chevron invoked, flyout `TopLevelWindowForOverflowXamlIsland` appeared, `wifimic-client` icon found (AutomationId=NotifyItemIcon), `InvokePattern.Invoke()` succeeded — **but no context menu appeared; Restart/Exit menu items not found**. Icon click was a left-click (Invoke), not right-click.
  2. **Shell_NotifyIconGetRect + SendInput right-click:** `EnumWindows`/`EnumThreadWindows` for client PID returned **zero windows** — hidden message-only window (parent `HWND_MESSAGE`) not enumerable. No HWND to pass to `Shell_NotifyIconGetRect`.
  3. **WM_CONTEXTMENU/WM_RBUTTONDOWN via PostMessage:** Same enumeration failure — no candidate window to post messages to.
- **FAIL — Start/Heartbeat Ack evidence:** Production diagnostic files headers only; `pktmon` access denied. Remote AF_PACKET capture (65,535-byte buffer) observed continuous audio (session `1787424119882` then `1787424682907`); no Restart/Exit control packets correlated with automation attempts.
- **PASS — cleanup Stop Ack only:** Forced `Stop-Process` + explicit UDP Stop packet (session `1787424682907`) received 11-byte Stop Ack; Linux capture went `IDLE`→`SUSPENDED`, `parec` terminated.
- **PASS — safe final state:** Client process absent, task `Ready`/enabled, Linux service active, UDP listener active, no `parec`, capture source `SUSPENDED`. No firewall rules, packet filters, helper processes, or injected assemblies remain.

### Why the required lifecycle was not converted into a pass (second retry)

The `tray-icon`/`muda` crate's hidden message-only window (parent `HWND_MESSAGE`) is invisible to `EnumWindows`/`EnumThreadWindows`. The UIA overflow flyout icon's `InvokePattern` performs a left-click, which the crate does not interpret as a context-menu trigger. Without the native right-click protocol (or an IPC test seam), the real Restart/Exit menu items cannot be reached. All three escalating methods were exercised and technically failed with evidence. No unit mock, fake event, or synthetic session ID was substituted.

Todo 21 remains **UNCHECKED**.
